../Core/Src/main.c:89:6:update_rotary_encoder	56	static
../Core/Src/main.c:134:6:set_motor_duty_cycle	16	static
../Core/Src/main.c:144:5:main	96	static
../Core/Src/main.c:242:6:SystemClock_Config	88	static
../Core/Src/main.c:289:13:MX_ADC1_Init	24	static
../Core/Src/main.c:341:13:MX_TIM1_Init	56	static
../Core/Src/main.c:391:13:MX_TIM2_Init	64	static
../Core/Src/main.c:450:13:MX_TIM4_Init	56	static
../Core/Src/main.c:499:13:MX_USART2_UART_Init	8	static
../Core/Src/main.c:532:13:MX_GPIO_Init	48	static
../Core/Src/main.c:592:6:Error_Handler	4	static,ignoring_inline_asm
