../Core/Src/main.c:89:6:update_rotary_encoder	40	static
../Core/Src/main.c:114:6:set_motor_duty_cycle	16	static
../Core/Src/main.c:128:6:set_motor_enabled	16	static
../Core/Src/main.c:138:5:main	144	static
../Core/Src/main.c:267:6:SystemClock_Config	88	static
../Core/Src/main.c:314:13:MX_ADC1_Init	24	static
../Core/Src/main.c:366:13:MX_TIM1_Init	56	static
../Core/Src/main.c:416:13:MX_TIM2_Init	64	static
../Core/Src/main.c:475:13:MX_TIM4_Init	56	static
../Core/Src/main.c:524:13:MX_USART2_UART_Init	8	static
../Core/Src/main.c:557:13:MX_GPIO_Init	48	static
../Core/Src/main.c:617:6:Error_Handler	4	static,ignoring_inline_asm
